Copyright 1986-2023 Xilinx, Inc. All Rights Reserved.
--------------------------------------------------------------------------------------------------------------------------------------------------------------------------------------------------
| Tool Version      : Vivado v.2022.2.2 (lin64) Build 3788238 Tue Feb 21 19:59:23 MST 2023
| Date              : Tue Apr  4 18:57:07 2023
| Host              : Xilinx-Omniverse running 64-bit Ubuntu 22.04.2 LTS
| Command           : report_bus_skew -warn_on_violation -file kria_eth_top_wrapper_bus_skew_routed.rpt -pb kria_eth_top_wrapper_bus_skew_routed.pb -rpx kria_eth_top_wrapper_bus_skew_routed.rpx
| Design            : kria_eth_top_wrapper
| Device            : xck26-sfvc784
| Speed File        : -2LV  PRODUCTION 1.30 05-15-2022
| Temperature Grade : C
--------------------------------------------------------------------------------------------------------------------------------------------------------------------------------------------------

Bus Skew Report

No bus skew constraints

