#-----------------------------------------------------------
# Vivado v2022.2.2 (64-bit)
# SW Build 3788238 on Tue Feb 21 19:59:23 MST 2023
# IP Build 3783773 on Tue Feb 21 23:41:56 MST 2023
# Start of session at: Tue Apr  4 17:50:34 2023
# Process ID: 169962
# Current directory: /home/denmann99/Documents/kria_eth/hw/kria_state_machine/kria_state_machine.runs/kria_eth_top_proc_sys_reset_125_0_synth_1
# Command line: vivado -log kria_eth_top_proc_sys_reset_125_0.vds -product Vivado -mode batch -messageDb vivado.pb -notrace -source kria_eth_top_proc_sys_reset_125_0.tcl
# Log file: /home/denmann99/Documents/kria_eth/hw/kria_state_machine/kria_state_machine.runs/kria_eth_top_proc_sys_reset_125_0_synth_1/kria_eth_top_proc_sys_reset_125_0.vds
# Journal file: /home/denmann99/Documents/kria_eth/hw/kria_state_machine/kria_state_machine.runs/kria_eth_top_proc_sys_reset_125_0_synth_1/vivado.jou
# Running On: Xilinx-Omniverse, OS: Linux, CPU Frequency: 3914.361 MHz, CPU Physical cores: 6, Host memory: 16587 MB
#-----------------------------------------------------------
source kria_eth_top_proc_sys_reset_125_0.tcl -notrace
